product_category,total_revenue_category
tenis,300.0
camiseta,75.0
bermuda,300.0
