product_id,product_name,product_category
220,camiseta nike,camiseta
222,tenis adidas,tenis
225,camiseta adidas,camiseta
227,new tenis nike,tenis
228,bermuda adidas,bermuda
